// Jest Snapshot v1, https://goo.gl/fbAQLP

exports[`verify should fail schema validation for an additional asset map 1`] = `
Array [
  Array [
    "Found file dist2/some-package-v1.tar.gz from path dist2/some-package-v*.tar.gz",
  ],
  Array [
    "Found file dist2/other-package-v2.tar.gz from path dist2/other-package-v*.tar.gz",
  ],
]
`;

exports[`verify should pass schema validation 1`] = `
Array [
  Array [
    "Found file dist/some-package-v1.tar.gz from path dist/some-package-v*.tar.gz",
  ],
  Array [
    "Found file dist/other-package-v2.tar.gz from path dist/other-package-v*.tar.gz",
  ],
]
`;
